\BOOKMARK [1][-]{section.1}{\376\377\000I\000n\000t\000r\000o\000d\000u\000c\000t\000i\000o\000n}{}% 1
\BOOKMARK [1][-]{section.2}{\376\377\000C\000u\000s\000t\000o\000m\000e\000r\000\040\000S\000u\000p\000p\000o\000r\000t\000\040\000P\000o\000l\000i\000c\000i\000e\000s}{}% 2
\BOOKMARK [1][-]{section.3}{\376\377\000C\000u\000s\000t\000o\000m\000e\000r\000\040\000S\000u\000p\000p\000o\000r\000t\000\040\000P\000r\000o\000c\000e\000d\000u\000r\000e\000s}{}% 3
\BOOKMARK [1][-]{section.4}{\376\377\000C\000o\000n\000t\000a\000c\000t\000\040\000I\000n\000f\000o\000r\000m\000a\000t\000i\000o\000n\000\040\000f\000o\000r\000\040\000W\000a\000l\000m\000a\000r\000t\000\040\000C\000u\000s\000t\000o\000m\000e\000r\000\040\000S\000u\000p\000p\000o\000r\000t}{}% 4
